/*----------------------------------------------------------------------------
 *
 * \brief List of symbols for io which can be mapped to biwak implementations
 *
 *--------------------------------------------------------------------------*/


_fini = abort;
_fwalk = abort;
_fwalk_reent = abort;
_exit = abort;
__register_exitproc = abort;
register_fini = abort;
__sinit_lock_release = abort;
__tzcalc_limits = 0;

_ZN10__cxxabiv111__terminateEPFvvE = abort;
_ZN10__cxxabiv119__terminate_handlerE = abort;
_ZSt9terminatev = abort;
_ZSt15get_new_handlerv = abort;
_ZZ5_sbrkE1p = abort;
_Z41__static_initialization_and_destruction_0ii = abort;

register_tm_clones = abort;
deregister_tm_clones = abort;

ApplicationStart = abort;
exception = abort;
__do_global_dtors_aux = abort;

frame_dummy = 0;

/* Something with switch-case-statements
   __gnu_thumb1_case_sqi = abort;
   __gnu_thumb1_case_uqi = abort;
*/


_strtol_l = abort;
_strtol_l.part.0 = abort;


/*
   get_eit_entry = abort;
   _init = abort;
*/


/*--- Fin ------------------------------------------------------------------*/
